src/commands/events.ts(420,28): error TS7006: Parameter 'event' implicitly has an 'any' type.
src/commands/events.ts(495,28): error TS7006: Parameter 'event' implicitly has an 'any' type.
src/commands/events.ts(585,75): error TS7006: Parameter 'event' implicitly has an 'any' type.
src/commands/events.ts(596,29): error TS7006: Parameter 'session' implicitly has an 'any' type.
src/commands/events.ts(625,79): error TS7006: Parameter 'event' implicitly has an 'any' type.
src/commands/events.ts(630,55): error TS7006: Parameter 'session' implicitly has an 'any' type.
src/commands/userPanel.ts(67,64): error TS7006: Parameter 'c' implicitly has an 'any' type.
src/commands/userPanel.ts(124,35): error TS7006: Parameter 'c' implicitly has an 'any' type.
src/events/interactionCreate.ts(84,60): error TS2345: Argument of type '{ content: string; flags: MessageFlags[]; }' is not assignable to parameter of type 'string | MessagePayload | InteractionReplyOptions'.
  Type '{ content: string; flags: MessageFlags[]; }' is not assignable to type 'InteractionReplyOptions'.
    Types of property 'flags' are incompatible.
      Type 'MessageFlags[]' is not assignable to type 'BitFieldResolvable<"SuppressEmbeds" | "Ephemeral" | "SuppressNotifications" | "IsComponentsV2", MessageFlags.SuppressEmbeds | MessageFlags.Ephemeral | MessageFlags.SuppressNotifications | MessageFlags.IsComponentsV2> | undefined'.
        Type 'MessageFlags[]' is not assignable to type 'RecursiveReadonlyArray<`${bigint}` | MessageFlags.SuppressEmbeds | MessageFlags.Ephemeral | MessageFlags.SuppressNotifications | MessageFlags.IsComponentsV2 | "SuppressEmbeds" | "Ephemeral" | "SuppressNotifications" | "IsComponentsV2" | Readonly<...>>'.
          Types of property 'concat' are incompatible.
            Type '{ (...items: ConcatArray<MessageFlags>[]): MessageFlags[]; (...items: (MessageFlags | ConcatArray<MessageFlags>)[]): MessageFlags[]; }' is not assignable to type '{ (...items: ConcatArray<`${bigint}` | MessageFlags.SuppressEmbeds | MessageFlags.Ephemeral | MessageFlags.SuppressNotifications | MessageFlags.IsComponentsV2 | "SuppressEmbeds" | "Ephemeral" | "SuppressNotifications" | "IsComponentsV2" | Readonly<...> | RecursiveReadonlyArray<...>>[]): (`${bigint}` | ... 9 more ......'.
              Types of parameters 'items' and 'items' are incompatible.
                Type 'ConcatArray<`${bigint}` | MessageFlags.SuppressEmbeds | MessageFlags.Ephemeral | MessageFlags.SuppressNotifications | MessageFlags.IsComponentsV2 | "SuppressEmbeds" | "Ephemeral" | "SuppressNotifications" | "IsComponentsV2" | Readonly<...> | RecursiveReadonlyArray<...>>' is not assignable to type 'ConcatArray<MessageFlags>'.
                  Type '`${bigint}` | MessageFlags.SuppressEmbeds | MessageFlags.Ephemeral | MessageFlags.SuppressNotifications | MessageFlags.IsComponentsV2 | "SuppressEmbeds" | "Ephemeral" | "SuppressNotifications" | "IsComponentsV2" | Readonly<...> | RecursiveReadonlyArray<...>' is not assignable to type 'MessageFlags'.
                    Type '`${bigint}`' is not assignable to type 'MessageFlags'.
src/events/interactionCreate.ts(84,85): error TS2769: No overload matches this call.
  Overload 1 of 3, '(options: InteractionReplyOptions & { withResponse: true; }): Promise<InteractionCallbackResponse<boolean>>', gave the following error.
    Argument of type '{ content: string; flags: MessageFlags[]; }' is not assignable to parameter of type 'InteractionReplyOptions & { withResponse: true; }'.
      Type '{ content: string; flags: MessageFlags[]; }' is not assignable to type 'InteractionReplyOptions'.
        Types of property 'flags' are incompatible.
          Type 'MessageFlags[]' is not assignable to type 'BitFieldResolvable<"SuppressEmbeds" | "Ephemeral" | "SuppressNotifications" | "IsComponentsV2", MessageFlags.SuppressEmbeds | MessageFlags.Ephemeral | MessageFlags.SuppressNotifications | MessageFlags.IsComponentsV2> | undefined'.
            Type 'MessageFlags[]' is not assignable to type 'RecursiveReadonlyArray<`${bigint}` | MessageFlags.SuppressEmbeds | MessageFlags.Ephemeral | MessageFlags.SuppressNotifications | MessageFlags.IsComponentsV2 | "SuppressEmbeds" | "Ephemeral" | "SuppressNotifications" | "IsComponentsV2" | Readonly<...>>'.
              Types of property 'concat' are incompatible.
                Type '{ (...items: ConcatArray<MessageFlags>[]): MessageFlags[]; (...items: (MessageFlags | ConcatArray<MessageFlags>)[]): MessageFlags[]; }' is not assignable to type '{ (...items: ConcatArray<`${bigint}` | MessageFlags.SuppressEmbeds | MessageFlags.Ephemeral | MessageFlags.SuppressNotifications | MessageFlags.IsComponentsV2 | "SuppressEmbeds" | "Ephemeral" | "SuppressNotifications" | "IsComponentsV2" | Readonly<...> | RecursiveReadonlyArray<...>>[]): (`${bigint}` | ... 9 more ......'.
                  Types of parameters 'items' and 'items' are incompatible.
                    Type 'ConcatArray<`${bigint}` | MessageFlags.SuppressEmbeds | MessageFlags.Ephemeral | MessageFlags.SuppressNotifications | MessageFlags.IsComponentsV2 | "SuppressEmbeds" | "Ephemeral" | "SuppressNotifications" | "IsComponentsV2" | Readonly<...> | RecursiveReadonlyArray<...>>' is not assignable to type 'ConcatArray<MessageFlags>'.
                      Type '`${bigint}` | MessageFlags.SuppressEmbeds | MessageFlags.Ephemeral | MessageFlags.SuppressNotifications | MessageFlags.IsComponentsV2 | "SuppressEmbeds" | "Ephemeral" | "SuppressNotifications" | "IsComponentsV2" | Readonly<...> | RecursiveReadonlyArray<...>' is not assignable to type 'MessageFlags'.
                        Type '`${bigint}`' is not assignable to type 'MessageFlags'.
  Overload 2 of 3, '(options: InteractionReplyOptions & { fetchReply: true; }): Promise<Message<boolean>>', gave the following error.
    Argument of type '{ content: string; flags: MessageFlags[]; }' is not assignable to parameter of type 'InteractionReplyOptions & { fetchReply: true; }'.
      Type '{ content: string; flags: MessageFlags[]; }' is not assignable to type 'InteractionReplyOptions'.
        Types of property 'flags' are incompatible.
          Type 'MessageFlags[]' is not assignable to type 'BitFieldResolvable<"SuppressEmbeds" | "Ephemeral" | "SuppressNotifications" | "IsComponentsV2", MessageFlags.SuppressEmbeds | MessageFlags.Ephemeral | MessageFlags.SuppressNotifications | MessageFlags.IsComponentsV2> | undefined'.
            Type 'MessageFlags[]' is not assignable to type 'RecursiveReadonlyArray<`${bigint}` | MessageFlags.SuppressEmbeds | MessageFlags.Ephemeral | MessageFlags.SuppressNotifications | MessageFlags.IsComponentsV2 | "SuppressEmbeds" | "Ephemeral" | "SuppressNotifications" | "IsComponentsV2" | Readonly<...>>'.
              Types of property 'concat' are incompatible.
                Type '{ (...items: ConcatArray<MessageFlags>[]): MessageFlags[]; (...items: (MessageFlags | ConcatArray<MessageFlags>)[]): MessageFlags[]; }' is not assignable to type '{ (...items: ConcatArray<`${bigint}` | MessageFlags.SuppressEmbeds | MessageFlags.Ephemeral | MessageFlags.SuppressNotifications | MessageFlags.IsComponentsV2 | "SuppressEmbeds" | "Ephemeral" | "SuppressNotifications" | "IsComponentsV2" | Readonly<...> | RecursiveReadonlyArray<...>>[]): (`${bigint}` | ... 9 more ......'.
                  Types of parameters 'items' and 'items' are incompatible.
                    Type 'ConcatArray<`${bigint}` | MessageFlags.SuppressEmbeds | MessageFlags.Ephemeral | MessageFlags.SuppressNotifications | MessageFlags.IsComponentsV2 | "SuppressEmbeds" | "Ephemeral" | "SuppressNotifications" | "IsComponentsV2" | Readonly<...> | RecursiveReadonlyArray<...>>' is not assignable to type 'ConcatArray<MessageFlags>'.
                      Type '`${bigint}` | MessageFlags.SuppressEmbeds | MessageFlags.Ephemeral | MessageFlags.SuppressNotifications | MessageFlags.IsComponentsV2 | "SuppressEmbeds" | "Ephemeral" | "SuppressNotifications" | "IsComponentsV2" | Readonly<...> | RecursiveReadonlyArray<...>' is not assignable to type 'MessageFlags'.
                        Type '`${bigint}`' is not assignable to type 'MessageFlags'.
  Overload 3 of 3, '(options: string | MessagePayload | InteractionReplyOptions): Promise<InteractionResponse<boolean>>', gave the following error.
    Argument of type '{ content: string; flags: MessageFlags[]; }' is not assignable to parameter of type 'string | MessagePayload | InteractionReplyOptions'.
      Type '{ content: string; flags: MessageFlags[]; }' is not assignable to type 'InteractionReplyOptions'.
        Types of property 'flags' are incompatible.
          Type 'MessageFlags[]' is not assignable to type 'BitFieldResolvable<"SuppressEmbeds" | "Ephemeral" | "SuppressNotifications" | "IsComponentsV2", MessageFlags.SuppressEmbeds | MessageFlags.Ephemeral | MessageFlags.SuppressNotifications | MessageFlags.IsComponentsV2> | undefined'.
            Type 'MessageFlags[]' is not assignable to type 'RecursiveReadonlyArray<`${bigint}` | MessageFlags.SuppressEmbeds | MessageFlags.Ephemeral | MessageFlags.SuppressNotifications | MessageFlags.IsComponentsV2 | "SuppressEmbeds" | "Ephemeral" | "SuppressNotifications" | "IsComponentsV2" | Readonly<...>>'.
              Types of property 'concat' are incompatible.
                Type '{ (...items: ConcatArray<MessageFlags>[]): MessageFlags[]; (...items: (MessageFlags | ConcatArray<MessageFlags>)[]): MessageFlags[]; }' is not assignable to type '{ (...items: ConcatArray<`${bigint}` | MessageFlags.SuppressEmbeds | MessageFlags.Ephemeral | MessageFlags.SuppressNotifications | MessageFlags.IsComponentsV2 | "SuppressEmbeds" | "Ephemeral" | "SuppressNotifications" | "IsComponentsV2" | Readonly<...> | RecursiveReadonlyArray<...>>[]): (`${bigint}` | ... 9 more ......'.
                  Types of parameters 'items' and 'items' are incompatible.
                    Type 'ConcatArray<`${bigint}` | MessageFlags.SuppressEmbeds | MessageFlags.Ephemeral | MessageFlags.SuppressNotifications | MessageFlags.IsComponentsV2 | "SuppressEmbeds" | "Ephemeral" | "SuppressNotifications" | "IsComponentsV2" | Readonly<...> | RecursiveReadonlyArray<...>>' is not assignable to type 'ConcatArray<MessageFlags>'.
                      Type '`${bigint}` | MessageFlags.SuppressEmbeds | MessageFlags.Ephemeral | MessageFlags.SuppressNotifications | MessageFlags.IsComponentsV2 | "SuppressEmbeds" | "Ephemeral" | "SuppressNotifications" | "IsComponentsV2" | Readonly<...> | RecursiveReadonlyArray<...>' is not assignable to type 'MessageFlags'.
                        Type '`${bigint}`' is not assignable to type 'MessageFlags'.
src/events/interactionCreate.ts(92,63): error TS2345: Argument of type 'StringSelectMenuInteraction<CacheType> | ButtonInteraction<CacheType>' is not assignable to parameter of type 'ButtonInteraction<CacheType>'.
  Type 'StringSelectMenuInteraction<CacheType>' is not assignable to type 'ButtonInteraction<CacheType>'.
    Types of property 'componentType' are incompatible.
      Type 'ComponentType.StringSelect' is not assignable to type 'ComponentType.Button'.
src/events/interactionCreate.ts(96,60): error TS2345: Argument of type '{ content: string; flags: MessageFlags[]; }' is not assignable to parameter of type 'string | MessagePayload | InteractionReplyOptions'.
  Type '{ content: string; flags: MessageFlags[]; }' is not assignable to type 'InteractionReplyOptions'.
    Types of property 'flags' are incompatible.
      Type 'MessageFlags[]' is not assignable to type 'BitFieldResolvable<"SuppressEmbeds" | "Ephemeral" | "SuppressNotifications" | "IsComponentsV2", MessageFlags.SuppressEmbeds | MessageFlags.Ephemeral | MessageFlags.SuppressNotifications | MessageFlags.IsComponentsV2> | undefined'.
        Type 'MessageFlags[]' is not assignable to type 'RecursiveReadonlyArray<`${bigint}` | MessageFlags.SuppressEmbeds | MessageFlags.Ephemeral | MessageFlags.SuppressNotifications | MessageFlags.IsComponentsV2 | "SuppressEmbeds" | "Ephemeral" | "SuppressNotifications" | "IsComponentsV2" | Readonly<...>>'.
          Types of property 'concat' are incompatible.
            Type '{ (...items: ConcatArray<MessageFlags>[]): MessageFlags[]; (...items: (MessageFlags | ConcatArray<MessageFlags>)[]): MessageFlags[]; }' is not assignable to type '{ (...items: ConcatArray<`${bigint}` | MessageFlags.SuppressEmbeds | MessageFlags.Ephemeral | MessageFlags.SuppressNotifications | MessageFlags.IsComponentsV2 | "SuppressEmbeds" | "Ephemeral" | "SuppressNotifications" | "IsComponentsV2" | Readonly<...> | RecursiveReadonlyArray<...>>[]): (`${bigint}` | ... 9 more ......'.
              Types of parameters 'items' and 'items' are incompatible.
                Type 'ConcatArray<`${bigint}` | MessageFlags.SuppressEmbeds | MessageFlags.Ephemeral | MessageFlags.SuppressNotifications | MessageFlags.IsComponentsV2 | "SuppressEmbeds" | "Ephemeral" | "SuppressNotifications" | "IsComponentsV2" | Readonly<...> | RecursiveReadonlyArray<...>>' is not assignable to type 'ConcatArray<MessageFlags>'.
                  Type '`${bigint}` | MessageFlags.SuppressEmbeds | MessageFlags.Ephemeral | MessageFlags.SuppressNotifications | MessageFlags.IsComponentsV2 | "SuppressEmbeds" | "Ephemeral" | "SuppressNotifications" | "IsComponentsV2" | Readonly<...> | RecursiveReadonlyArray<...>' is not assignable to type 'MessageFlags'.
                    Type '`${bigint}`' is not assignable to type 'MessageFlags'.
src/events/interactionCreate.ts(96,85): error TS2769: No overload matches this call.
  Overload 1 of 3, '(options: InteractionReplyOptions & { withResponse: true; }): Promise<InteractionCallbackResponse<boolean>>', gave the following error.
    Argument of type '{ content: string; flags: MessageFlags[]; }' is not assignable to parameter of type 'InteractionReplyOptions & { withResponse: true; }'.
      Type '{ content: string; flags: MessageFlags[]; }' is not assignable to type 'InteractionReplyOptions'.
        Types of property 'flags' are incompatible.
          Type 'MessageFlags[]' is not assignable to type 'BitFieldResolvable<"SuppressEmbeds" | "Ephemeral" | "SuppressNotifications" | "IsComponentsV2", MessageFlags.SuppressEmbeds | MessageFlags.Ephemeral | MessageFlags.SuppressNotifications | MessageFlags.IsComponentsV2> | undefined'.
            Type 'MessageFlags[]' is not assignable to type 'RecursiveReadonlyArray<`${bigint}` | MessageFlags.SuppressEmbeds | MessageFlags.Ephemeral | MessageFlags.SuppressNotifications | MessageFlags.IsComponentsV2 | "SuppressEmbeds" | "Ephemeral" | "SuppressNotifications" | "IsComponentsV2" | Readonly<...>>'.
              Types of property 'concat' are incompatible.
                Type '{ (...items: ConcatArray<MessageFlags>[]): MessageFlags[]; (...items: (MessageFlags | ConcatArray<MessageFlags>)[]): MessageFlags[]; }' is not assignable to type '{ (...items: ConcatArray<`${bigint}` | MessageFlags.SuppressEmbeds | MessageFlags.Ephemeral | MessageFlags.SuppressNotifications | MessageFlags.IsComponentsV2 | "SuppressEmbeds" | "Ephemeral" | "SuppressNotifications" | "IsComponentsV2" | Readonly<...> | RecursiveReadonlyArray<...>>[]): (`${bigint}` | ... 9 more ......'.
                  Types of parameters 'items' and 'items' are incompatible.
                    Type 'ConcatArray<`${bigint}` | MessageFlags.SuppressEmbeds | MessageFlags.Ephemeral | MessageFlags.SuppressNotifications | MessageFlags.IsComponentsV2 | "SuppressEmbeds" | "Ephemeral" | "SuppressNotifications" | "IsComponentsV2" | Readonly<...> | RecursiveReadonlyArray<...>>' is not assignable to type 'ConcatArray<MessageFlags>'.
                      Type '`${bigint}` | MessageFlags.SuppressEmbeds | MessageFlags.Ephemeral | MessageFlags.SuppressNotifications | MessageFlags.IsComponentsV2 | "SuppressEmbeds" | "Ephemeral" | "SuppressNotifications" | "IsComponentsV2" | Readonly<...> | RecursiveReadonlyArray<...>' is not assignable to type 'MessageFlags'.
                        Type '`${bigint}`' is not assignable to type 'MessageFlags'.
  Overload 2 of 3, '(options: InteractionReplyOptions & { fetchReply: true; }): Promise<Message<boolean>>', gave the following error.
    Argument of type '{ content: string; flags: MessageFlags[]; }' is not assignable to parameter of type 'InteractionReplyOptions & { fetchReply: true; }'.
      Type '{ content: string; flags: MessageFlags[]; }' is not assignable to type 'InteractionReplyOptions'.
        Types of property 'flags' are incompatible.
          Type 'MessageFlags[]' is not assignable to type 'BitFieldResolvable<"SuppressEmbeds" | "Ephemeral" | "SuppressNotifications" | "IsComponentsV2", MessageFlags.SuppressEmbeds | MessageFlags.Ephemeral | MessageFlags.SuppressNotifications | MessageFlags.IsComponentsV2> | undefined'.
            Type 'MessageFlags[]' is not assignable to type 'RecursiveReadonlyArray<`${bigint}` | MessageFlags.SuppressEmbeds | MessageFlags.Ephemeral | MessageFlags.SuppressNotifications | MessageFlags.IsComponentsV2 | "SuppressEmbeds" | "Ephemeral" | "SuppressNotifications" | "IsComponentsV2" | Readonly<...>>'.
              Types of property 'concat' are incompatible.
                Type '{ (...items: ConcatArray<MessageFlags>[]): MessageFlags[]; (...items: (MessageFlags | ConcatArray<MessageFlags>)[]): MessageFlags[]; }' is not assignable to type '{ (...items: ConcatArray<`${bigint}` | MessageFlags.SuppressEmbeds | MessageFlags.Ephemeral | MessageFlags.SuppressNotifications | MessageFlags.IsComponentsV2 | "SuppressEmbeds" | "Ephemeral" | "SuppressNotifications" | "IsComponentsV2" | Readonly<...> | RecursiveReadonlyArray<...>>[]): (`${bigint}` | ... 9 more ......'.
                  Types of parameters 'items' and 'items' are incompatible.
                    Type 'ConcatArray<`${bigint}` | MessageFlags.SuppressEmbeds | MessageFlags.Ephemeral | MessageFlags.SuppressNotifications | MessageFlags.IsComponentsV2 | "SuppressEmbeds" | "Ephemeral" | "SuppressNotifications" | "IsComponentsV2" | Readonly<...> | RecursiveReadonlyArray<...>>' is not assignable to type 'ConcatArray<MessageFlags>'.
                      Type '`${bigint}` | MessageFlags.SuppressEmbeds | MessageFlags.Ephemeral | MessageFlags.SuppressNotifications | MessageFlags.IsComponentsV2 | "SuppressEmbeds" | "Ephemeral" | "SuppressNotifications" | "IsComponentsV2" | Readonly<...> | RecursiveReadonlyArray<...>' is not assignable to type 'MessageFlags'.
                        Type '`${bigint}`' is not assignable to type 'MessageFlags'.
  Overload 3 of 3, '(options: string | MessagePayload | InteractionReplyOptions): Promise<InteractionResponse<boolean>>', gave the following error.
    Argument of type '{ content: string; flags: MessageFlags[]; }' is not assignable to parameter of type 'string | MessagePayload | InteractionReplyOptions'.
      Type '{ content: string; flags: MessageFlags[]; }' is not assignable to type 'InteractionReplyOptions'.
        Types of property 'flags' are incompatible.
          Type 'MessageFlags[]' is not assignable to type 'BitFieldResolvable<"SuppressEmbeds" | "Ephemeral" | "SuppressNotifications" | "IsComponentsV2", MessageFlags.SuppressEmbeds | MessageFlags.Ephemeral | MessageFlags.SuppressNotifications | MessageFlags.IsComponentsV2> | undefined'.
            Type 'MessageFlags[]' is not assignable to type 'RecursiveReadonlyArray<`${bigint}` | MessageFlags.SuppressEmbeds | MessageFlags.Ephemeral | MessageFlags.SuppressNotifications | MessageFlags.IsComponentsV2 | "SuppressEmbeds" | "Ephemeral" | "SuppressNotifications" | "IsComponentsV2" | Readonly<...>>'.
              Types of property 'concat' are incompatible.
                Type '{ (...items: ConcatArray<MessageFlags>[]): MessageFlags[]; (...items: (MessageFlags | ConcatArray<MessageFlags>)[]): MessageFlags[]; }' is not assignable to type '{ (...items: ConcatArray<`${bigint}` | MessageFlags.SuppressEmbeds | MessageFlags.Ephemeral | MessageFlags.SuppressNotifications | MessageFlags.IsComponentsV2 | "SuppressEmbeds" | "Ephemeral" | "SuppressNotifications" | "IsComponentsV2" | Readonly<...> | RecursiveReadonlyArray<...>>[]): (`${bigint}` | ... 9 more ......'.
                  Types of parameters 'items' and 'items' are incompatible.
                    Type 'ConcatArray<`${bigint}` | MessageFlags.SuppressEmbeds | MessageFlags.Ephemeral | MessageFlags.SuppressNotifications | MessageFlags.IsComponentsV2 | "SuppressEmbeds" | "Ephemeral" | "SuppressNotifications" | "IsComponentsV2" | Readonly<...> | RecursiveReadonlyArray<...>>' is not assignable to type 'ConcatArray<MessageFlags>'.
                      Type '`${bigint}` | MessageFlags.SuppressEmbeds | MessageFlags.Ephemeral | MessageFlags.SuppressNotifications | MessageFlags.IsComponentsV2 | "SuppressEmbeds" | "Ephemeral" | "SuppressNotifications" | "IsComponentsV2" | Readonly<...> | RecursiveReadonlyArray<...>' is not assignable to type 'MessageFlags'.
                        Type '`${bigint}`' is not assignable to type 'MessageFlags'.
src/events/interactionCreate.ts(108,60): error TS2345: Argument of type '{ content: string; flags: MessageFlags[]; }' is not assignable to parameter of type 'string | MessagePayload | InteractionReplyOptions'.
  Type '{ content: string; flags: MessageFlags[]; }' is not assignable to type 'InteractionReplyOptions'.
    Types of property 'flags' are incompatible.
      Type 'MessageFlags[]' is not assignable to type 'BitFieldResolvable<"SuppressEmbeds" | "Ephemeral" | "SuppressNotifications" | "IsComponentsV2", MessageFlags.SuppressEmbeds | MessageFlags.Ephemeral | MessageFlags.SuppressNotifications | MessageFlags.IsComponentsV2> | undefined'.
        Type 'MessageFlags[]' is not assignable to type 'RecursiveReadonlyArray<`${bigint}` | MessageFlags.SuppressEmbeds | MessageFlags.Ephemeral | MessageFlags.SuppressNotifications | MessageFlags.IsComponentsV2 | "SuppressEmbeds" | "Ephemeral" | "SuppressNotifications" | "IsComponentsV2" | Readonly<...>>'.
          Types of property 'concat' are incompatible.
            Type '{ (...items: ConcatArray<MessageFlags>[]): MessageFlags[]; (...items: (MessageFlags | ConcatArray<MessageFlags>)[]): MessageFlags[]; }' is not assignable to type '{ (...items: ConcatArray<`${bigint}` | MessageFlags.SuppressEmbeds | MessageFlags.Ephemeral | MessageFlags.SuppressNotifications | MessageFlags.IsComponentsV2 | "SuppressEmbeds" | "Ephemeral" | "SuppressNotifications" | "IsComponentsV2" | Readonly<...> | RecursiveReadonlyArray<...>>[]): (`${bigint}` | ... 9 more ......'.
              Types of parameters 'items' and 'items' are incompatible.
                Type 'ConcatArray<`${bigint}` | MessageFlags.SuppressEmbeds | MessageFlags.Ephemeral | MessageFlags.SuppressNotifications | MessageFlags.IsComponentsV2 | "SuppressEmbeds" | "Ephemeral" | "SuppressNotifications" | "IsComponentsV2" | Readonly<...> | RecursiveReadonlyArray<...>>' is not assignable to type 'ConcatArray<MessageFlags>'.
                  Type '`${bigint}` | MessageFlags.SuppressEmbeds | MessageFlags.Ephemeral | MessageFlags.SuppressNotifications | MessageFlags.IsComponentsV2 | "SuppressEmbeds" | "Ephemeral" | "SuppressNotifications" | "IsComponentsV2" | Readonly<...> | RecursiveReadonlyArray<...>' is not assignable to type 'MessageFlags'.
                    Type '`${bigint}`' is not assignable to type 'MessageFlags'.
src/events/interactionCreate.ts(108,85): error TS2769: No overload matches this call.
  Overload 1 of 3, '(options: InteractionReplyOptions & { withResponse: true; }): Promise<InteractionCallbackResponse<boolean>>', gave the following error.
    Argument of type '{ content: string; flags: MessageFlags[]; }' is not assignable to parameter of type 'InteractionReplyOptions & { withResponse: true; }'.
      Type '{ content: string; flags: MessageFlags[]; }' is not assignable to type 'InteractionReplyOptions'.
        Types of property 'flags' are incompatible.
          Type 'MessageFlags[]' is not assignable to type 'BitFieldResolvable<"SuppressEmbeds" | "Ephemeral" | "SuppressNotifications" | "IsComponentsV2", MessageFlags.SuppressEmbeds | MessageFlags.Ephemeral | MessageFlags.SuppressNotifications | MessageFlags.IsComponentsV2> | undefined'.
            Type 'MessageFlags[]' is not assignable to type 'RecursiveReadonlyArray<`${bigint}` | MessageFlags.SuppressEmbeds | MessageFlags.Ephemeral | MessageFlags.SuppressNotifications | MessageFlags.IsComponentsV2 | "SuppressEmbeds" | "Ephemeral" | "SuppressNotifications" | "IsComponentsV2" | Readonly<...>>'.
              Types of property 'concat' are incompatible.
                Type '{ (...items: ConcatArray<MessageFlags>[]): MessageFlags[]; (...items: (MessageFlags | ConcatArray<MessageFlags>)[]): MessageFlags[]; }' is not assignable to type '{ (...items: ConcatArray<`${bigint}` | MessageFlags.SuppressEmbeds | MessageFlags.Ephemeral | MessageFlags.SuppressNotifications | MessageFlags.IsComponentsV2 | "SuppressEmbeds" | "Ephemeral" | "SuppressNotifications" | "IsComponentsV2" | Readonly<...> | RecursiveReadonlyArray<...>>[]): (`${bigint}` | ... 9 more ......'.
                  Types of parameters 'items' and 'items' are incompatible.
                    Type 'ConcatArray<`${bigint}` | MessageFlags.SuppressEmbeds | MessageFlags.Ephemeral | MessageFlags.SuppressNotifications | MessageFlags.IsComponentsV2 | "SuppressEmbeds" | "Ephemeral" | "SuppressNotifications" | "IsComponentsV2" | Readonly<...> | RecursiveReadonlyArray<...>>' is not assignable to type 'ConcatArray<MessageFlags>'.
                      Type '`${bigint}` | MessageFlags.SuppressEmbeds | MessageFlags.Ephemeral | MessageFlags.SuppressNotifications | MessageFlags.IsComponentsV2 | "SuppressEmbeds" | "Ephemeral" | "SuppressNotifications" | "IsComponentsV2" | Readonly<...> | RecursiveReadonlyArray<...>' is not assignable to type 'MessageFlags'.
                        Type '`${bigint}`' is not assignable to type 'MessageFlags'.
  Overload 2 of 3, '(options: InteractionReplyOptions & { fetchReply: true; }): Promise<Message<boolean>>', gave the following error.
    Argument of type '{ content: string; flags: MessageFlags[]; }' is not assignable to parameter of type 'InteractionReplyOptions & { fetchReply: true; }'.
      Type '{ content: string; flags: MessageFlags[]; }' is not assignable to type 'InteractionReplyOptions'.
        Types of property 'flags' are incompatible.
          Type 'MessageFlags[]' is not assignable to type 'BitFieldResolvable<"SuppressEmbeds" | "Ephemeral" | "SuppressNotifications" | "IsComponentsV2", MessageFlags.SuppressEmbeds | MessageFlags.Ephemeral | MessageFlags.SuppressNotifications | MessageFlags.IsComponentsV2> | undefined'.
            Type 'MessageFlags[]' is not assignable to type 'RecursiveReadonlyArray<`${bigint}` | MessageFlags.SuppressEmbeds | MessageFlags.Ephemeral | MessageFlags.SuppressNotifications | MessageFlags.IsComponentsV2 | "SuppressEmbeds" | "Ephemeral" | "SuppressNotifications" | "IsComponentsV2" | Readonly<...>>'.
              Types of property 'concat' are incompatible.
                Type '{ (...items: ConcatArray<MessageFlags>[]): MessageFlags[]; (...items: (MessageFlags | ConcatArray<MessageFlags>)[]): MessageFlags[]; }' is not assignable to type '{ (...items: ConcatArray<`${bigint}` | MessageFlags.SuppressEmbeds | MessageFlags.Ephemeral | MessageFlags.SuppressNotifications | MessageFlags.IsComponentsV2 | "SuppressEmbeds" | "Ephemeral" | "SuppressNotifications" | "IsComponentsV2" | Readonly<...> | RecursiveReadonlyArray<...>>[]): (`${bigint}` | ... 9 more ......'.
                  Types of parameters 'items' and 'items' are incompatible.
                    Type 'ConcatArray<`${bigint}` | MessageFlags.SuppressEmbeds | MessageFlags.Ephemeral | MessageFlags.SuppressNotifications | MessageFlags.IsComponentsV2 | "SuppressEmbeds" | "Ephemeral" | "SuppressNotifications" | "IsComponentsV2" | Readonly<...> | RecursiveReadonlyArray<...>>' is not assignable to type 'ConcatArray<MessageFlags>'.
                      Type '`${bigint}` | MessageFlags.SuppressEmbeds | MessageFlags.Ephemeral | MessageFlags.SuppressNotifications | MessageFlags.IsComponentsV2 | "SuppressEmbeds" | "Ephemeral" | "SuppressNotifications" | "IsComponentsV2" | Readonly<...> | RecursiveReadonlyArray<...>' is not assignable to type 'MessageFlags'.
                        Type '`${bigint}`' is not assignable to type 'MessageFlags'.
  Overload 3 of 3, '(options: string | MessagePayload | InteractionReplyOptions): Promise<InteractionResponse<boolean>>', gave the following error.
    Argument of type '{ content: string; flags: MessageFlags[]; }' is not assignable to parameter of type 'string | MessagePayload | InteractionReplyOptions'.
      Type '{ content: string; flags: MessageFlags[]; }' is not assignable to type 'InteractionReplyOptions'.
        Types of property 'flags' are incompatible.
          Type 'MessageFlags[]' is not assignable to type 'BitFieldResolvable<"SuppressEmbeds" | "Ephemeral" | "SuppressNotifications" | "IsComponentsV2", MessageFlags.SuppressEmbeds | MessageFlags.Ephemeral | MessageFlags.SuppressNotifications | MessageFlags.IsComponentsV2> | undefined'.
            Type 'MessageFlags[]' is not assignable to type 'RecursiveReadonlyArray<`${bigint}` | MessageFlags.SuppressEmbeds | MessageFlags.Ephemeral | MessageFlags.SuppressNotifications | MessageFlags.IsComponentsV2 | "SuppressEmbeds" | "Ephemeral" | "SuppressNotifications" | "IsComponentsV2" | Readonly<...>>'.
              Types of property 'concat' are incompatible.
                Type '{ (...items: ConcatArray<MessageFlags>[]): MessageFlags[]; (...items: (MessageFlags | ConcatArray<MessageFlags>)[]): MessageFlags[]; }' is not assignable to type '{ (...items: ConcatArray<`${bigint}` | MessageFlags.SuppressEmbeds | MessageFlags.Ephemeral | MessageFlags.SuppressNotifications | MessageFlags.IsComponentsV2 | "SuppressEmbeds" | "Ephemeral" | "SuppressNotifications" | "IsComponentsV2" | Readonly<...> | RecursiveReadonlyArray<...>>[]): (`${bigint}` | ... 9 more ......'.
                  Types of parameters 'items' and 'items' are incompatible.
                    Type 'ConcatArray<`${bigint}` | MessageFlags.SuppressEmbeds | MessageFlags.Ephemeral | MessageFlags.SuppressNotifications | MessageFlags.IsComponentsV2 | "SuppressEmbeds" | "Ephemeral" | "SuppressNotifications" | "IsComponentsV2" | Readonly<...> | RecursiveReadonlyArray<...>>' is not assignable to type 'ConcatArray<MessageFlags>'.
                      Type '`${bigint}` | MessageFlags.SuppressEmbeds | MessageFlags.Ephemeral | MessageFlags.SuppressNotifications | MessageFlags.IsComponentsV2 | "SuppressEmbeds" | "Ephemeral" | "SuppressNotifications" | "IsComponentsV2" | Readonly<...> | RecursiveReadonlyArray<...>' is not assignable to type 'MessageFlags'.
                        Type '`${bigint}`' is not assignable to type 'MessageFlags'.
src/events/interactionCreate.ts(123,60): error TS2345: Argument of type '{ content: string; flags: MessageFlags[]; }' is not assignable to parameter of type 'string | MessagePayload | InteractionReplyOptions'.
  Type '{ content: string; flags: MessageFlags[]; }' is not assignable to type 'InteractionReplyOptions'.
    Types of property 'flags' are incompatible.
      Type 'MessageFlags[]' is not assignable to type 'BitFieldResolvable<"SuppressEmbeds" | "Ephemeral" | "SuppressNotifications" | "IsComponentsV2", MessageFlags.SuppressEmbeds | MessageFlags.Ephemeral | MessageFlags.SuppressNotifications | MessageFlags.IsComponentsV2> | undefined'.
        Type 'MessageFlags[]' is not assignable to type 'RecursiveReadonlyArray<`${bigint}` | MessageFlags.SuppressEmbeds | MessageFlags.Ephemeral | MessageFlags.SuppressNotifications | MessageFlags.IsComponentsV2 | "SuppressEmbeds" | "Ephemeral" | "SuppressNotifications" | "IsComponentsV2" | Readonly<...>>'.
          Types of property 'concat' are incompatible.
            Type '{ (...items: ConcatArray<MessageFlags>[]): MessageFlags[]; (...items: (MessageFlags | ConcatArray<MessageFlags>)[]): MessageFlags[]; }' is not assignable to type '{ (...items: ConcatArray<`${bigint}` | MessageFlags.SuppressEmbeds | MessageFlags.Ephemeral | MessageFlags.SuppressNotifications | MessageFlags.IsComponentsV2 | "SuppressEmbeds" | "Ephemeral" | "SuppressNotifications" | "IsComponentsV2" | Readonly<...> | RecursiveReadonlyArray<...>>[]): (`${bigint}` | ... 9 more ......'.
              Types of parameters 'items' and 'items' are incompatible.
                Type 'ConcatArray<`${bigint}` | MessageFlags.SuppressEmbeds | MessageFlags.Ephemeral | MessageFlags.SuppressNotifications | MessageFlags.IsComponentsV2 | "SuppressEmbeds" | "Ephemeral" | "SuppressNotifications" | "IsComponentsV2" | Readonly<...> | RecursiveReadonlyArray<...>>' is not assignable to type 'ConcatArray<MessageFlags>'.
                  Type '`${bigint}` | MessageFlags.SuppressEmbeds | MessageFlags.Ephemeral | MessageFlags.SuppressNotifications | MessageFlags.IsComponentsV2 | "SuppressEmbeds" | "Ephemeral" | "SuppressNotifications" | "IsComponentsV2" | Readonly<...> | RecursiveReadonlyArray<...>' is not assignable to type 'MessageFlags'.
                    Type '`${bigint}`' is not assignable to type 'MessageFlags'.
src/events/interactionCreate.ts(123,85): error TS2769: No overload matches this call.
  Overload 1 of 3, '(options: InteractionReplyOptions & { withResponse: true; }): Promise<InteractionCallbackResponse<boolean>>', gave the following error.
    Argument of type '{ content: string; flags: MessageFlags[]; }' is not assignable to parameter of type 'InteractionReplyOptions & { withResponse: true; }'.
      Type '{ content: string; flags: MessageFlags[]; }' is not assignable to type 'InteractionReplyOptions'.
        Types of property 'flags' are incompatible.
          Type 'MessageFlags[]' is not assignable to type 'BitFieldResolvable<"SuppressEmbeds" | "Ephemeral" | "SuppressNotifications" | "IsComponentsV2", MessageFlags.SuppressEmbeds | MessageFlags.Ephemeral | MessageFlags.SuppressNotifications | MessageFlags.IsComponentsV2> | undefined'.
            Type 'MessageFlags[]' is not assignable to type 'RecursiveReadonlyArray<`${bigint}` | MessageFlags.SuppressEmbeds | MessageFlags.Ephemeral | MessageFlags.SuppressNotifications | MessageFlags.IsComponentsV2 | "SuppressEmbeds" | "Ephemeral" | "SuppressNotifications" | "IsComponentsV2" | Readonly<...>>'.
              Types of property 'concat' are incompatible.
                Type '{ (...items: ConcatArray<MessageFlags>[]): MessageFlags[]; (...items: (MessageFlags | ConcatArray<MessageFlags>)[]): MessageFlags[]; }' is not assignable to type '{ (...items: ConcatArray<`${bigint}` | MessageFlags.SuppressEmbeds | MessageFlags.Ephemeral | MessageFlags.SuppressNotifications | MessageFlags.IsComponentsV2 | "SuppressEmbeds" | "Ephemeral" | "SuppressNotifications" | "IsComponentsV2" | Readonly<...> | RecursiveReadonlyArray<...>>[]): (`${bigint}` | ... 9 more ......'.
                  Types of parameters 'items' and 'items' are incompatible.
                    Type 'ConcatArray<`${bigint}` | MessageFlags.SuppressEmbeds | MessageFlags.Ephemeral | MessageFlags.SuppressNotifications | MessageFlags.IsComponentsV2 | "SuppressEmbeds" | "Ephemeral" | "SuppressNotifications" | "IsComponentsV2" | Readonly<...> | RecursiveReadonlyArray<...>>' is not assignable to type 'ConcatArray<MessageFlags>'.
                      Type '`${bigint}` | MessageFlags.SuppressEmbeds | MessageFlags.Ephemeral | MessageFlags.SuppressNotifications | MessageFlags.IsComponentsV2 | "SuppressEmbeds" | "Ephemeral" | "SuppressNotifications" | "IsComponentsV2" | Readonly<...> | RecursiveReadonlyArray<...>' is not assignable to type 'MessageFlags'.
                        Type '`${bigint}`' is not assignable to type 'MessageFlags'.
  Overload 2 of 3, '(options: InteractionReplyOptions & { fetchReply: true; }): Promise<Message<boolean>>', gave the following error.
    Argument of type '{ content: string; flags: MessageFlags[]; }' is not assignable to parameter of type 'InteractionReplyOptions & { fetchReply: true; }'.
      Type '{ content: string; flags: MessageFlags[]; }' is not assignable to type 'InteractionReplyOptions'.
        Types of property 'flags' are incompatible.
          Type 'MessageFlags[]' is not assignable to type 'BitFieldResolvable<"SuppressEmbeds" | "Ephemeral" | "SuppressNotifications" | "IsComponentsV2", MessageFlags.SuppressEmbeds | MessageFlags.Ephemeral | MessageFlags.SuppressNotifications | MessageFlags.IsComponentsV2> | undefined'.
            Type 'MessageFlags[]' is not assignable to type 'RecursiveReadonlyArray<`${bigint}` | MessageFlags.SuppressEmbeds | MessageFlags.Ephemeral | MessageFlags.SuppressNotifications | MessageFlags.IsComponentsV2 | "SuppressEmbeds" | "Ephemeral" | "SuppressNotifications" | "IsComponentsV2" | Readonly<...>>'.
              Types of property 'concat' are incompatible.
                Type '{ (...items: ConcatArray<MessageFlags>[]): MessageFlags[]; (...items: (MessageFlags | ConcatArray<MessageFlags>)[]): MessageFlags[]; }' is not assignable to type '{ (...items: ConcatArray<`${bigint}` | MessageFlags.SuppressEmbeds | MessageFlags.Ephemeral | MessageFlags.SuppressNotifications | MessageFlags.IsComponentsV2 | "SuppressEmbeds" | "Ephemeral" | "SuppressNotifications" | "IsComponentsV2" | Readonly<...> | RecursiveReadonlyArray<...>>[]): (`${bigint}` | ... 9 more ......'.
                  Types of parameters 'items' and 'items' are incompatible.
                    Type 'ConcatArray<`${bigint}` | MessageFlags.SuppressEmbeds | MessageFlags.Ephemeral | MessageFlags.SuppressNotifications | MessageFlags.IsComponentsV2 | "SuppressEmbeds" | "Ephemeral" | "SuppressNotifications" | "IsComponentsV2" | Readonly<...> | RecursiveReadonlyArray<...>>' is not assignable to type 'ConcatArray<MessageFlags>'.
                      Type '`${bigint}` | MessageFlags.SuppressEmbeds | MessageFlags.Ephemeral | MessageFlags.SuppressNotifications | MessageFlags.IsComponentsV2 | "SuppressEmbeds" | "Ephemeral" | "SuppressNotifications" | "IsComponentsV2" | Readonly<...> | RecursiveReadonlyArray<...>' is not assignable to type 'MessageFlags'.
                        Type '`${bigint}`' is not assignable to type 'MessageFlags'.
  Overload 3 of 3, '(options: string | MessagePayload | InteractionReplyOptions): Promise<InteractionResponse<boolean>>', gave the following error.
    Argument of type '{ content: string; flags: MessageFlags[]; }' is not assignable to parameter of type 'string | MessagePayload | InteractionReplyOptions'.
      Type '{ content: string; flags: MessageFlags[]; }' is not assignable to type 'InteractionReplyOptions'.
        Types of property 'flags' are incompatible.
          Type 'MessageFlags[]' is not assignable to type 'BitFieldResolvable<"SuppressEmbeds" | "Ephemeral" | "SuppressNotifications" | "IsComponentsV2", MessageFlags.SuppressEmbeds | MessageFlags.Ephemeral | MessageFlags.SuppressNotifications | MessageFlags.IsComponentsV2> | undefined'.
            Type 'MessageFlags[]' is not assignable to type 'RecursiveReadonlyArray<`${bigint}` | MessageFlags.SuppressEmbeds | MessageFlags.Ephemeral | MessageFlags.SuppressNotifications | MessageFlags.IsComponentsV2 | "SuppressEmbeds" | "Ephemeral" | "SuppressNotifications" | "IsComponentsV2" | Readonly<...>>'.
              Types of property 'concat' are incompatible.
                Type '{ (...items: ConcatArray<MessageFlags>[]): MessageFlags[]; (...items: (MessageFlags | ConcatArray<MessageFlags>)[]): MessageFlags[]; }' is not assignable to type '{ (...items: ConcatArray<`${bigint}` | MessageFlags.SuppressEmbeds | MessageFlags.Ephemeral | MessageFlags.SuppressNotifications | MessageFlags.IsComponentsV2 | "SuppressEmbeds" | "Ephemeral" | "SuppressNotifications" | "IsComponentsV2" | Readonly<...> | RecursiveReadonlyArray<...>>[]): (`${bigint}` | ... 9 more ......'.
                  Types of parameters 'items' and 'items' are incompatible.
                    Type 'ConcatArray<`${bigint}` | MessageFlags.SuppressEmbeds | MessageFlags.Ephemeral | MessageFlags.SuppressNotifications | MessageFlags.IsComponentsV2 | "SuppressEmbeds" | "Ephemeral" | "SuppressNotifications" | "IsComponentsV2" | Readonly<...> | RecursiveReadonlyArray<...>>' is not assignable to type 'ConcatArray<MessageFlags>'.
                      Type '`${bigint}` | MessageFlags.SuppressEmbeds | MessageFlags.Ephemeral | MessageFlags.SuppressNotifications | MessageFlags.IsComponentsV2 | "SuppressEmbeds" | "Ephemeral" | "SuppressNotifications" | "IsComponentsV2" | Readonly<...> | RecursiveReadonlyArray<...>' is not assignable to type 'MessageFlags'.
                        Type '`${bigint}`' is not assignable to type 'MessageFlags'.
src/index.ts(8,30): error TS2307: Cannot find module './generated/prisma/client/index.js' or its corresponding type declarations.
